
> frontend@0.0.0 dev
> vite --host 127.0.0.1 --port 5173

17:22:23 [vite] (client) Re-optimizing dependencies because vite config has changed

  VITE v8.0.0  ready in 184 ms

  ➜  Local:   http://127.0.0.1:5173/
09:56:57 [vite] (client) hmr update /src/pages/ToolForm.tsx
09:56:57 [vite] (client) hmr update /src/App.tsx
09:56:57 [vite] (client) hmr update /src/pages/ToolList.tsx, /src/pages/McpServerList.tsx, /src/pages/AgentInsightsPage.tsx, /src/pages/ToolForm.tsx, /src/pages/AgentForm.tsx, /src/pages/McpServerForm.tsx, /src/pages/ChannelList.tsx, /src/pages/ChatPage.tsx, /src/pages/CronTaskList.tsx, /src/pages/AgentDetail.tsx, /src/pages/ChannelForm.tsx, /src/pages/SessionHistoryPage.tsx, /src/pages/CronTaskForm.tsx, /src/pages/AgentList.tsx, /src/pages/CronTaskDetail.tsx, /src/pages/ChatHome.tsx, /src/components/SessionSidebar.tsx
09:56:57 [vite] (client) hmr update /src/pages/AgentDetail.tsx
09:56:57 [vite] (client) hmr update /src/pages/ChatPage.tsx
10:02:00 [vite] (client) hmr update /src/pages/ToolForm.tsx
10:02:00 [vite] (client) hmr update /src/App.tsx
10:02:00 [vite] (client) hmr update /src/pages/AgentDetail.tsx
10:02:00 [vite] (client) hmr update /src/pages/ToolList.tsx, /src/pages/McpServerList.tsx, /src/pages/AgentInsightsPage.tsx, /src/pages/ToolForm.tsx, /src/pages/AgentForm.tsx, /src/pages/McpServerForm.tsx, /src/pages/ChannelList.tsx, /src/pages/ChatPage.tsx, /src/pages/CronTaskList.tsx, /src/pages/AgentDetail.tsx, /src/pages/ChannelForm.tsx, /src/pages/SessionHistoryPage.tsx, /src/pages/CronTaskForm.tsx, /src/pages/AgentList.tsx, /src/pages/CronTaskDetail.tsx, /src/pages/ChatHome.tsx, /src/components/SessionSidebar.tsx
10:02:00 [vite] (client) hmr update /src/pages/ChatPage.tsx
10:05:04 [vite] (client) hmr update /src/pages/ToolForm.tsx
10:05:04 [vite] (client) hmr update /src/App.tsx
10:05:04 [vite] (client) hmr update /src/pages/ChatPage.tsx
10:05:04 [vite] (client) hmr update /src/pages/ToolList.tsx, /src/pages/McpServerList.tsx, /src/pages/AgentInsightsPage.tsx, /src/pages/ToolForm.tsx, /src/pages/AgentForm.tsx, /src/pages/McpServerForm.tsx, /src/pages/ChannelList.tsx, /src/pages/ChatPage.tsx, /src/pages/CronTaskList.tsx, /src/pages/AgentDetail.tsx, /src/pages/ChannelForm.tsx, /src/pages/SessionHistoryPage.tsx, /src/pages/CronTaskForm.tsx, /src/pages/AgentList.tsx, /src/pages/CronTaskDetail.tsx, /src/pages/ChatHome.tsx, /src/components/SessionSidebar.tsx
10:05:04 [vite] (client) hmr update /src/pages/AgentDetail.tsx
